<html>
<body>
<pre>
<h1>µVision Build Log</h1>
<h2>Tool Versions:</h2>
IDE-Version: µVision V5.36.0.0
Copyright (C) 2021 ARM Ltd and ARM Germany GmbH. All rights reserved.
License Information: Rebecca Shillingford, University of North Carolina at Chapel Hill, LIC=----
 
Tool Versions:
Toolchain:       MDK-Lite  Version: 5.36.0.0
Toolchain Path:  C:\Keil_v5\ARM\ARMCLANG\Bin
C Compiler:      ArmClang.exe V6.16
Assembler:       Armasm.exe V6.16
Linker/Locator:  ArmLink.exe V6.16
Library Manager: ArmAr.exe V6.16
Hex Converter:   FromElf.exe V6.16
CPU DLL:         SARMCM3.DLL V5.36.0.0
Dialog DLL:      DCM.DLL V1.17.3.0
Target DLL:      STLink\ST-LINKIII-KEIL_SWO.dll V3.0.9.0
Dialog DLL:      TCM.DLL V1.53.0.0
 
<h2>Project:</h2>
C:\Users\rebeccca\Desktop\Embedded\0_Uart_driver\uart_driver.uvprojx
Project File Date:  01/15/2022

<h2>Output:</h2>
*** Using Compiler 'V6.16', folder: 'C:\Keil_v5\ARM\ARMCLANG\Bin'
Build target 'stm32f4'
assembling startup_stm32f411xe.s...
compiling system_stm32f4xx.c...
main.c(1): warning: In file included from...
./uart.h(10): warning: no newline at end of file [-Wnewline-eof]
#endif  
        ^
main.c(12): warning: no newline at end of file [-Wnewline-eof]
}
 ^
2 warnings generated.
compiling main.c...
uart.c(1): warning: In file included from...
./uart.h(10): warning: no newline at end of file [-Wnewline-eof]
#endif  
        ^
uart.c(11): warning: implicit conversion changes signedness: 'int' to 'unsigned int' [-Wsign-conversion]
        GPIOA->MODER &=~0x00F0;
                     ~~^~~~~~~
uart.c(15): warning: implicit conversion changes signedness: 'int' to 'unsigned int' [-Wsign-conversion]
        GPIOA->AFR[0] &= ~0xFF00;
                      ~~ ^~~~~~~
uart.c(30): warning: no previous prototype for function 'USART2_write' [-Wmissing-prototypes]
int USART2_write(int ch){
    ^
uart.c(30): note: declare 'static' if the function is not intended to be used outside of this translation unit
int USART2_write(int ch){
^
static 
uart.c(45): warning: implicit conversion changes signedness: 'volatile uint32_t' (aka 'volatile unsigned int') to 'int' [-Wsign-conversion]
        return USART2->DR;
        ~~~~~~ ~~~~~~~~^~
uart.c(42): warning: no previous prototype for function 'USART2_read' [-Wmissing-prototypes]
int USART2_read(void) {
    ^
uart.c(42): note: declare 'static' if the function is not intended to be used outside of this translation unit
int USART2_read(void) {
^
static 
uart.c(56): warning: unused parameter 'f' [-Wunused-parameter]
int fgetc(FILE *f) {
                ^
uart.c(72): warning: unused parameter 'f' [-Wunused-parameter]
int fputc(int c, FILE *f) {
                       ^
uart.c(88): warning: no newline at end of file [-Wnewline-eof]
}
 ^
uart.c(76): warning: no previous extern declaration for non-static variable 'n' [-Wmissing-variable-declarations]
int n;
    ^
uart.c(76): note: declare 'static' if the variable is not intended to be used outside of this translation unit
int n;
^
uart.c(77): warning: no previous extern declaration for non-static variable 'str' [-Wmissing-variable-declarations]
char str[80];
     ^
uart.c(77): note: declare 'static' if the variable is not intended to be used outside of this translation unit
char str[80];
^
11 warnings generated.
compiling uart.c...
linking...
Program Size: Code=3128 RO-data=712 RW-data=84 ZI-data=1800  
".\Objects\uart_driver.axf" - 0 Error(s), 13 Warning(s).

<h2>Software Packages used:</h2>

Package Vendor: ARM
                http://www.keil.com/pack/ARM.CMSIS.5.8.0.pack
                ARM.CMSIS.5.8.0
                CMSIS (Common Microcontroller Software Interface Standard)
   * Component: CORE Version: 5.5.0

Package Vendor: Keil
                http://www.keil.com/pack/Keil.STM32F4xx_DFP.2.15.0.pack
                Keil.STM32F4xx_DFP.2.15.0
                STMicroelectronics STM32F4 Series Device Support, Drivers and Examples
   * Component: Startup Version: 2.6.3

<h2>Collection of Component include folders:</h2>
  .\RTE\_stm32f4
  C:\Users\rebeccca\AppData\Local\Arm\Packs\ARM\CMSIS\5.8.0\CMSIS\Core\Include
  C:\Users\rebeccca\AppData\Local\Arm\Packs\Keil\STM32F4xx_DFP\2.15.0\Drivers\CMSIS\Device\ST\STM32F4xx\Include

<h2>Collection of Component Files used:</h2>

   * Component: ARM::CMSIS:CORE:5.5.0

   * Component: Keil::Device:Startup:2.6.3
      Source file:   MDK\Device\Source\ARM\STM32F411xx_OPT.s
      Source file:   Drivers\CMSIS\Device\ST\STM32F4xx\Source\Templates\arm\startup_stm32f411xe.s
      Include file:  Drivers\CMSIS\Device\ST\STM32F4xx\Include\stm32f4xx.h
      Source file:   MDK\Device\Source\ARM\STM32F4xx_OTP.s
      Source file:   Drivers\CMSIS\Device\ST\STM32F4xx\Source\Templates\system_stm32f4xx.c
Build Time Elapsed:  00:00:00
</pre>
</body>
</html>
